stm32f1xx_it.c:57:6:NMI_Handler	0	static
stm32f1xx_it.c:70:6:HardFault_Handler	0	static
stm32f1xx_it.c:88:6:MemManage_Handler	0	static
stm32f1xx_it.c:106:6:BusFault_Handler	0	static
stm32f1xx_it.c:124:6:UsageFault_Handler	0	static
stm32f1xx_it.c:142:6:SVC_Handler	0	static
stm32f1xx_it.c:155:6:DebugMon_Handler	0	static
stm32f1xx_it.c:168:6:PendSV_Handler	0	static
stm32f1xx_it.c:181:6:SysTick_Handler	8	static
stm32f1xx_it.c:203:6:DMA1_Channel6_IRQHandler	0	static
stm32f1xx_it.c:217:6:DMA1_Channel7_IRQHandler	0	static
stm32f1xx_it.c:231:6:EXTI9_5_IRQHandler	8	static
stm32f1xx_it.c:246:6:TIM2_IRQHandler	0	static
stm32f1xx_it.c:260:6:TIM3_IRQHandler	0	static
stm32f1xx_it.c:274:6:TIM4_IRQHandler	0	static
stm32f1xx_it.c:288:6:USART2_IRQHandler	0	static
stm32f1xx_it.c:302:6:EXTI15_10_IRQHandler	0	static
